     1                                  ; move.asm
     2                                  section .data
     3 00000000 7B                            bNum  db    123
     4 00000001 3930                          wNum  dw    12345
     5 00000003 D2029649                      dNum  dd    1234567890
     6 00000007 1581E97DF4102211              qNum1 dq    1234567890123456789
     7 0000000F 40E2010000000000              qNum2 dq    123456
     8 00000017 1F85EB51B81E0940              qNum3 dq    3.14
     9                                  section .bss
    10                                  section .text
    11                                        global main
    12                                  main:
    13 00000000 4889E5                      mov rbp, rsp; for correct debugging
    14 00000003 55                            push  rbp
    15 00000004 4889E5                        mov   rbp,rsp
    16 00000007 48C7C0FFFFFFFF                mov rax, -1           ; fill rax with 1s
    17 0000000E 8A0425[00000000]              mov al, byte [bNum]   ; does NOT clear upper bits of rax
    18 00000015 4831C0                        xor rax,rax           ; clear rax
    19 00000018 320425[00000000]              xor al, byte [bNum]   ; now rax has the correct value
    20                                  
    21 0000001F 48C7C0FFFFFFFF                mov rax, -1           ; fill rax with 1s
    22 00000026 668B0425[01000000]            mov ax, word [wNum]   ; does NOT clear upper bits of rax
    23 0000002E 4831C0                        xor rax,rax           ; clear rax
    24 00000031 668B0425[01000000]            mov ax, word [wNum]   ; now rax has the correct value
    25                                  
    26 00000039 48C7C0FFFFFFFF                mov rax, -1           ; fill rax with 1s
    27 00000040 488B0425[07000000]            mov rax, qword [qNum1] ; does clear upper bits of rax
    28 00000048 48890425[0F000000]            mov qword [qNum2], rax ; one operand always a register
    29 00000050 B840E20100                    mov rax, 123456       ; source operand an immediate value
    30 00000055 F30F7E0425-                   movq xmm0, [qNum3]    ; instruction for floating point
    30 0000005A [17000000]         
    31                                  
    32 0000005E 4889EC                  mov rsp,rbp
    33 00000061 5D                      pop rbp
    34 00000062 C3                      ret
    35                                  
    36                                     
    37                                  
    38                                  
